mode: set
github.com/GolangToolKits/GoMavlinkDroneAPI/drone.go:26.86,47.2 3 1
github.com/GolangToolKits/GoMavlinkDroneAPI/drone.go:50.109,68.2 3 0
github.com/GolangToolKits/GoMavlinkDroneAPI/drone.go:71.109,89.2 3 0
github.com/GolangToolKits/GoMavlinkDroneAPI/drone.go:92.115,110.2 3 0
github.com/GolangToolKits/GoMavlinkDroneAPI/drone.go:113.109,131.2 3 0
github.com/GolangToolKits/GoMavlinkDroneAPI/drone.go:134.109,152.2 3 0
github.com/GolangToolKits/GoMavlinkDroneAPI/drone.go:155.112,163.58 1 0
github.com/GolangToolKits/GoMavlinkDroneAPI/drone.go:163.58,171.6 2 0
github.com/GolangToolKits/GoMavlinkDroneAPI/drone.go:181.2,182.12 2 0
github.com/GolangToolKits/GoMavlinkDroneAPI/drone.go:186.112,193.20 3 0
github.com/GolangToolKits/GoMavlinkDroneAPI/drone.go:193.20,197.43 1 0
github.com/GolangToolKits/GoMavlinkDroneAPI/drone.go:197.43,200.21 2 0
github.com/GolangToolKits/GoMavlinkDroneAPI/drone.go:200.21,202.8 1 0
github.com/GolangToolKits/GoMavlinkDroneAPI/drone.go:207.7,209.9 1 0
github.com/GolangToolKits/GoMavlinkDroneAPI/drone.go:220.3,220.26 1 0
github.com/GolangToolKits/GoMavlinkDroneAPI/drone.go:221.8,223.3 1 0
github.com/GolangToolKits/GoMavlinkDroneAPI/drone.go:225.2,225.12 1 0
github.com/GolangToolKits/GoMavlinkDroneAPI/drone.go:228.25,230.2 1 0
github.com/GolangToolKits/GoMavlinkDroneAPI/drone.go:232.31,234.61 1 0
github.com/GolangToolKits/GoMavlinkDroneAPI/drone.go:234.61,237.3 2 0
github.com/GolangToolKits/GoMavlinkDroneAPI/drone.go:240.2,240.60 1 0
github.com/GolangToolKits/GoMavlinkDroneAPI/drone.go:240.60,243.3 2 0
github.com/GolangToolKits/GoMavlinkDroneAPI/drone.go:245.2,245.12 1 0
github.com/GolangToolKits/GoMavlinkDroneAPI/drone.go:249.33,252.16 2 0
github.com/GolangToolKits/GoMavlinkDroneAPI/drone.go:252.16,254.3 1 0
github.com/GolangToolKits/GoMavlinkDroneAPI/drone.go:257.2,258.16 2 0
github.com/GolangToolKits/GoMavlinkDroneAPI/drone.go:258.16,260.3 1 0
github.com/GolangToolKits/GoMavlinkDroneAPI/drone.go:263.2,280.16 3 0
github.com/GolangToolKits/GoMavlinkDroneAPI/drone.go:280.16,282.3 1 0
github.com/GolangToolKits/GoMavlinkDroneAPI/drone.go:285.2,286.16 2 0
github.com/GolangToolKits/GoMavlinkDroneAPI/drone.go:286.16,288.3 1 0
github.com/GolangToolKits/GoMavlinkDroneAPI/drone.go:289.2,292.16 3 0
github.com/GolangToolKits/GoMavlinkDroneAPI/drone.go:292.16,294.3 1 0
github.com/GolangToolKits/GoMavlinkDroneAPI/drone.go:297.2,298.16 2 0
github.com/GolangToolKits/GoMavlinkDroneAPI/drone.go:298.16,300.3 1 0
github.com/GolangToolKits/GoMavlinkDroneAPI/drone.go:301.2,304.16 3 0
github.com/GolangToolKits/GoMavlinkDroneAPI/drone.go:304.16,306.3 1 0
github.com/GolangToolKits/GoMavlinkDroneAPI/drone.go:308.2,309.12 2 0
github.com/GolangToolKits/GoMavlinkDroneAPI/droneAPI.go:15.89,23.2 2 0
github.com/GolangToolKits/GoMavlinkDroneAPI/droneAPI.go:24.112,31.2 2 0
github.com/GolangToolKits/GoMavlinkDroneAPI/droneAPI.go:33.112,40.2 2 0
github.com/GolangToolKits/GoMavlinkDroneAPI/droneAPI.go:42.118,49.2 2 0
github.com/GolangToolKits/GoMavlinkDroneAPI/droneAPI.go:51.112,58.2 2 0
github.com/GolangToolKits/GoMavlinkDroneAPI/droneAPI.go:60.112,67.2 2 0
github.com/GolangToolKits/GoMavlinkDroneAPI/droneAPI.go:69.115,76.2 2 0
github.com/GolangToolKits/GoMavlinkDroneAPI/droneAPI.go:78.115,85.2 2 0
github.com/GolangToolKits/GoMavlinkDroneAPI/droneAPI.go:117.44,128.6 5 0
github.com/GolangToolKits/GoMavlinkDroneAPI/droneAPI.go:128.6,129.10 1 0
github.com/GolangToolKits/GoMavlinkDroneAPI/droneAPI.go:130.21,131.69 1 0
github.com/GolangToolKits/GoMavlinkDroneAPI/droneAPI.go:132.43,133.11 1 0
github.com/GolangToolKits/GoMavlinkDroneAPI/droneAPI.go:133.11,135.5 1 0
github.com/GolangToolKits/GoMavlinkDroneAPI/droneAPI.go:137.4,137.49 1 0
github.com/GolangToolKits/GoMavlinkDroneAPI/droneAPI.go:137.49,139.35 1 0
github.com/GolangToolKits/GoMavlinkDroneAPI/droneAPI.go:139.35,142.11 3 0
github.com/GolangToolKits/GoMavlinkDroneAPI/droneAPI.go:146.3,146.16 1 0
github.com/GolangToolKits/GoMavlinkDroneAPI/droneAPI.go:146.16,147.9 1 0
github.com/GolangToolKits/GoMavlinkDroneAPI/droneAPI.go:150.2,150.18 1 0
github.com/GolangToolKits/GoMavlinkDroneAPI/droneAPI.go:153.62,157.2 1 0
github.com/GolangToolKits/GoMavlinkDroneAPI/droneAPI.go:159.28,161.2 1 0
github.com/GolangToolKits/GoMavlinkDroneAPI/droneAPI.go:163.30,165.2 1 0
